=== RUN   TestPaymentAttribution

2026/03/15 20:20:25 [31;1m/Users/staffinc/Documents/Development/pay-chain/payment-kita.backend/internal/infrastructure/repositories/smart_contract_repo_impl.go:103 [35;1mno such table: smart_contracts
[0m[33m[0.166ms] [34;1m[rows:0][0m SELECT * FROM `smart_contracts` WHERE (chain_id = "db53a9e1-ae79-4ae6-81bd-11c70c30a42f" AND type = "GATEWAY" AND is_active = true) AND `smart_contracts`.`deleted_at` IS NULL ORDER BY updated_at DESC, created_at DESC, version DESC, id DESC,`smart_contracts`.`id` LIMIT 1
Warning: Active Gateway contract not found for chain eip155:1: no such table: smart_contracts

2026/03/15 20:20:25 [31;1m/Users/staffinc/Documents/Development/pay-chain/payment-kita.backend/internal/infrastructure/repositories/fee_config_repo_impl.go:30 [35;1mno such table: fee_configs
[0m[33m[0.074ms] [34;1m[rows:0][0m SELECT * FROM `fee_configs` WHERE (chain_id = "db53a9e1-ae79-4ae6-81bd-11c70c30a42f" AND token_id = "bb671e16-5474-49f9-9e54-6cd9f2d39e91") AND `fee_configs`.`deleted_at` IS NULL ORDER BY updated_at DESC,`fee_configs`.`id` LIMIT 1
    webhook_integration_test.go:168: 
        	Error Trace:	/Users/staffinc/Documents/Development/pay-chain/payment-kita.backend/internal/tests/integration/webhook_integration_test.go:168
        	Error:      	Expected value not to be nil.
        	Test:       	TestPaymentAttribution
--- FAIL: TestPaymentAttribution (0.01s)
panic: runtime error: invalid memory address or nil pointer dereference [recovered, repanicked]
[signal SIGSEGV: segmentation violation code=0x2 addr=0x0 pc=0x1026a74e0]

goroutine 4 [running]:
testing.tRunner.func1.2({0x102bd9060, 0x10315b540})
	/usr/local/go/src/testing/testing.go:1872 +0x190
testing.tRunner.func1()
	/usr/local/go/src/testing/testing.go:1875 +0x31c
panic({0x102bd9060?, 0x10315b540?})
	/usr/local/go/src/runtime/panic.go:783 +0x120
command-line-arguments.TestPaymentAttribution(0x14000221dc0)
	/Users/staffinc/Documents/Development/pay-chain/payment-kita.backend/internal/tests/integration/webhook_integration_test.go:169 +0x9a0
testing.tRunner(0x14000221dc0, 0x102ca4590)
	/usr/local/go/src/testing/testing.go:1934 +0xc8
created by testing.(*T).Run in goroutine 1
	/usr/local/go/src/testing/testing.go:1997 +0x364
FAIL	command-line-arguments	0.346s
FAIL
